{"discord_reply":"\u274c No mediainfo. Are you missing the `General` heading?\n> **Report**\n0 correct, 0 warnings, 1 error, 0 failures, and 0 info","html_reply":"<p><img src='https://discord.com/assets/8becd37ab9d13cdfe37c08c496a9def3.svg' height='16'> No mediainfo. Are you missing the <code>General</code> heading?</p><p><b>Report</b></p><p>0 correct, 0 warnings, 1 error, 0 failures, and 0 info</p>"}
